{"objects":[{"id":"A@0","type":"apofig.saver.SaverTest$4A","fields":[{"bs":"B[]@1"}]},{"id":"B[]@1","type":"[Lapofig.saver.SaverTest$4B;","fields":["B@2","B@3","B@4"]},{"id":"B@2","type":"apofig.saver.SaverTest$4B","fields":[{"c":"11"}]},{"id":"B@3","type":"apofig.saver.SaverTest$4B","fields":[{"c":"22"}]},{"id":"B@4","type":"apofig.saver.SaverTest$4B","fields":[{"c":"33"}]}]}