{"objects":[{"id":"A@0","type":"apofig.saver.SaverTest$12A","fields":[{"bs":"short[]@1"}]},{"id":"short[]@1","type":"[S","fields":[{"[0]":"1"},{"[1]":"2"},{"[2]":"3"}]}]}