{"objects":[{"id":"A@0","type":"apofig.saver.SaverTest$2A","fields":[{"bs":"ArrayList@1"}]},{"id":"ArrayList@1","type":"java.util.Arrays$ArrayList","fields":[{"[0]":"B@2"},{"[1]":"B@3"},{"[2]":"B@4"}]},{"id":"B@2","type":"apofig.saver.SaverTest$2B","fields":[{"c":"12"}]},{"id":"B@3","type":"apofig.saver.SaverTest$2B","fields":[{"c":"23"}]},{"id":"B@4","type":"apofig.saver.SaverTest$2B","fields":[{"c":"34"}]}]}