{"objects":[{"id":"A@0","type":"apofig.saver.SaverTest$3A","fields":[{"bmap":"HashMap@1"}]},{"id":"HashMap@1","type":"java.util.HashMap","fields":[{"1":"B@2"},{"3":"B@3"},{"4":null},{"B@4":"B@5"}]},{"id":"B@2","type":"apofig.saver.SaverTest$3B","fields":[{"c":"11"}]},{"id":"B@3","type":"apofig.saver.SaverTest$3B","fields":[{"c":null}]},{"id":"B@4","type":"apofig.saver.SaverTest$3B","fields":[{"c":"22"}]},{"id":"B@5","type":"apofig.saver.SaverTest$3B","fields":[{"c":"23"}]}]}