{"objects":[{"id":"A@0","type":"apofig.saver.SaverTest$1A","fields":[{"b":"B@1"},{"c":"C@2"},{"d":"D@3"}]},{"id":"B@1","type":"apofig.saver.SaverTest$1B","fields":[{"a":"C@2"},{"c":"C@4"}]},{"id":"C@2","type":"apofig.saver.SaverTest$1C","fields":[{"d":"D@3"},{"i":"4"}]},{"id":"D@3","type":"apofig.saver.SaverTest$1D","fields":[{"a":"5"},{"b":"6"}]},{"id":"C@4","type":"apofig.saver.SaverTest$1C","fields":[{"d":null},{"i":"0"}]}]}