{"objects":[{"id":"A@0","type":"apofig.saver.SaverTest$10A","fields":[{"bs":"double[]@1"}]},{"id":"double[]@1","type":"[D","fields":["1.0","2.0","3.0"]}]}