╔══════════════════════════╗
║??????????????????????????║
║                ??????????║
║                    ??????║
║                      ????║
║                      ????║
║                        ??║
║            I $         ??║
║                        ??║
║                      ????║
║                      ????║
║                    ??????║
║                ??????????║
║??????????????????????????║
╚══════════════════════════╝
Gold: Don't do this!