╔══════════════════════════╗
║??????????????????????????║
║                ??????????║
║                    ??????║
║                      ????║
║                      ????║
║                        ??║
║            I @         ??║
║                        ??║
║                      ????║
║                      ????║
║                    ??????║
║                ??????????║
║??????????????????????????║
╚══════════════════════════╝
Monster: I'll kill you!