╔══════════════════════════╗
║??????????????????????????║
║                ??????????║
║                    ??????║
║                      ????║
║                      ????║
║                        ??║
║            I $         ??║
║                        ??║
║                      ????║
║                      ????║
║                    ??????║
║                ??????????║
║??????????????????????????║
╚══════════════════════════╝
Monster: yOU @#& Ki$%@&^ll me $!@!