╔══════════════════════════╗
║??????????????????????????║
║                ??????????║
║                    ??????║
║                      ????║
║                      ????║
║                        ??║
║            I           ??║
║                        ??║
║                      ????║
║                      ????║
║                    ??????║
║                ??????????║
║??????????????????????????║
╚══════════════════════════╝
10 Gold