╔══════════════════════════╗
║? ? ? ? ? ? ? ? ? ? ? ? ? ║
║                ? ? ? ? ? ║
║                    ? ? ? ║
║                      ? ? ║
║                      ? ? ║
║                        ? ║
║            I @         ? ║
║                        ? ║
║                      ? ? ║
║                      ? ? ║
║                    ? ? ? ║
║                ? ? ? ? ? ║
║? ? ? ? ? ? ? ? ? ? ? ? ? ║
╚══════════════════════════╝
Monster: Fight with me!